[www.sccolorado.com/index.html]
[static.parastorage.com/unpkg/core-js-bundle@3.2.1/minified.js]
[static.parastorage.com/unpkg/focus-within-polyfill@5.0.9/dist/focus-within-polyfill.js]
[backblue.gif]
[fade.gif]
[index.html]
[polyfill.io/v3/polyfill.mind82c.js]
[www.sccolorado.com/decodeURIComponent(e.3.delayed]
[browser.sentry-cdn.com/6.13.3/bundle.min.js]
[www.sccolorado.com/sitemap.xml]
[www.sccolorado.com/feed.6.delayed]
[static.parastorage.com/services/wix-thunderbolt/dist/bootstrap-features.36b8baa3.bundle.min.js]
[static.parastorage.com/services/wix-thunderbolt/dist/main.a588dbdf.bundle.min.js]
[static.parastorage.com/unpkg/lodash@4.17.21/lodash.min.js]
[static.parastorage.com/unpkg/react@16.13.1/umd/react.production.min.js]
[static.parastorage.com/services/tag-manager-client/1.427.0/siteTags.bundle.min.js]
[static.parastorage.com/services/wix-perf-measure/1.641.0/wix-perf-measure.bundle.min.js]
[static.parastorage.com/unpkg/react-dom@16.13.1/umd/react-dom.production.min.js]
[static.parastorage.com/services/editor-elements/dist/media/sloppyframe.d6793e19.png]
[www.sccolorado.com/version/index.html]
[www.sccolorado.com/blog-feed.xml]
[www.sccolorado.com/b604fd33.min.10.delayed]
[www.sccolorado.com/02b07b80.min.11.delayed]
[www.sccolorado.com/f52e40aa.min.12.delayed]
[www.sccolorado.com/34b72cf9.min.13.delayed]
[www.sccolorado.com/9b7ffe32.min.14.delayed]
[www.sccolorado.com/85465ce9.chunk.min.15.delayed]
[www.sccolorado.com/88d3f3be.chunk.min.16.delayed]
[www.sccolorado.com/rb_wixui.thunderbolt_bootstrap.3f472804.chunk.min.17.delayed]
[www.sccolorado.com/rb_wixui.thunderbolt_bootstrap-classic.89bdd4d4.chunk.min.18.delayed]
[www.sccolorado.com/rb_wixui.thunderbolt_bootstrap-classic.85465ce9.chunk.min.19.delayed]
[www.sccolorado.com/rb_wixui.thunderbolt_bootstrap-responsive.a66c1914.chunk.min.1a.delayed]
[www.sccolorado.com/rb_wixui.thunderbolt_bootstrap-responsive.88d3f3be.chunk.min.1b.delayed]
[static.wixstatic.com/media/da2f8d_e78dd2fed4304537b62e61560b548644_mv2.jpeg/v1/fill/w_107,h_45,al_c,q_80,usm_0.66_1.00_0.01,blur_2,enc_auto/Stem Cell Col.jpg]
[www.sccolorado.com/copy-of-chiropractic-adjustments.html]
[static.wixstatic.com/media/510b1feda95e487ab6b9476420f7f5b1.jpg/v1/fill/w_245,h_163,al_c,q_80,usm_0.66_1.00_0.01,blur_2,enc_auto/510b1feda95e487ab6b9476420f7f5b1.jpg]
[www.sccolorado.com/new-patient-forms.html]
[static.wixstatic.com/media/da2f8d_19dbdf56d85e4bdeaf397bc835de106b_mv2.jpg/v1/crop/x_0,y_109,w_1072,h_1221/fill/w_142,h_162,al_c,q_80,usm_0.66_1.00_0.01,blur_2,enc_auto/Physical-Rehab.jpg]
[www.sccolorado.com/weight-loss.html]
[www.sccolorado.com/chiropractic-adjustments.html]
[www.sccolorado.com/regenerative-therapy.html]
[www.sccolorado.com/peripheral-neuropathy.html]
[www.sccolorado.com/physical-rehabilitation.html]
[www.sccolorado.com/massage-therapy.html]
[static.wixstatic.com/media/da2f8d_14644b943f7a46baa53d20b3db5f0296_mv2.png/v1/crop/x_47,y_0,w_1555,h_2400/fill/w_33,h_51,al_c,usm_0.66_1.00_0.01,blur_3,enc_auto/cursor_PNG102.png]
[static.wixstatic.com/media/17b1a1_95609be4799047eb91bd13663c1e5051_mv2.jpg/v1/fill/w_98,h_65,al_c,q_80,usm_0.66_1.00_0.01,blur_2,enc_auto/2251618.jpg]
[static.wixstatic.com/media/17b1a1_7353f1a27d034cada9cce3aeeee2c365_mv2.jpg/v1/fill/w_98,h_65,al_c,q_80,usm_0.66_1.00_0.01,blur_2,enc_auto/2275091.jpg]
[static.wixstatic.com/media/17b1a1_f130425058694bea8d504e15a8d64280_mv2.jpeg/v1/crop/x_333,y_0,w_711,h_720/fill/w_96,h_97,al_c,q_80,usm_0.66_1.00_0.01,blur_2,enc_auto/5fcaa6cb885c1.jpg]
[static.wixstatic.com/media/17b1a1_7eec68a41df444bab0bd5d85b48d325c_mv2.jpg/v1/crop/x_175,y_0,w_985,h_1080/fill/w_120,h_131,al_c,q_80,usm_0.66_1.00_0.01,blur_2,enc_auto/IMG_3706_JPG.jpg]
[static.wixstatic.com/media/da2f8d_b6be22aa2e824a7bbccbbb3e7b87e443_mv2.png/v1/fill/w_43,h_23,al_c,usm_0.66_1.00_0.01,blur_3,enc_auto/5 STAR.png]
[static.wixstatic.com/media/da2f8d_b6be22aa2e824a7bbccbbb3e7b87e443_mv2.png/v1/fill/w_39,h_21,al_c,usm_0.66_1.00_0.01,blur_3,enc_auto/5 STAR.png]
[static.wixstatic.com/media/23fd2a2be53141ed810f4d3dcdcd01fa.png/v1/fill/w_39,h_39,al_c,usm_0.66_1.00_0.01,blur_3,enc_auto/23fd2a2be53141ed810f4d3dcdcd01fa.png]
[www.sccolorado.com/index.html]
[www.sccolorado.com/decodeURIComponent(e.html]
[www.sccolorado.com/feed.html]
[www.sccolorado.com/version/index.html]
[www.sccolorado.com/b604fd33.min.html]
[www.sccolorado.com/02b07b80.min.html]
[www.sccolorado.com/f52e40aa.min.html]
[www.sccolorado.com/34b72cf9.min.html]
[www.sccolorado.com/9b7ffe32.min.html]
[www.sccolorado.com/85465ce9.chunk.min.html]
[www.sccolorado.com/88d3f3be.chunk.min.html]
[www.sccolorado.com/rb_wixui.thunderbolt_bootstrap.3f472804.chunk.min.html]
[www.sccolorado.com/rb_wixui.thunderbolt_bootstrap-classic.89bdd4d4.chunk.min.html]
[www.sccolorado.com/rb_wixui.thunderbolt_bootstrap-classic.85465ce9.chunk.min.html]
[www.sccolorado.com/rb_wixui.thunderbolt_bootstrap-responsive.a66c1914.chunk.min.html]
[www.sccolorado.com/rb_wixui.thunderbolt_bootstrap-responsive.88d3f3be.chunk.min.html]
[www.sccolorado.com/ad3a6151.min.2f.delayed]
[static.wixstatic.com/media/2efb02_18fb27d6f0274d248e09002c8e2a783af000.jpg/v1/fill/w_192,h_108,al_c,q_80,usm_0.66_1.00_0.01,blur_2,enc_auto/2efb02_18fb27d6f0274d248e09002c8e2a783af000.jpg]
[static.wixstatic.com/media/2efb02_ad92a861e5c04866bc94d089915c9dfef000.jpg/v1/fill/w_192,h_108,al_c,q_80,usm_0.66_1.00_0.01,blur_2,enc_auto/2efb02_ad92a861e5c04866bc94d089915c9dfef000.jpg]
[www.sccolorado.com/copy-of-chiropractic-adjustments.html]
[static.parastorage.com/services/wix-code-platform/1.1097.2/elementory-browser-support.min.js]
[www.sccolorado.com/_files/ugd/New-Patient-Paperwork.pdf_; filename_=UTF-8''New-Patient-Paperwork.pdf]
[www.sccolorado.com/_files/ugd/NEW-PATIENT-AUTO-ACCIDENT.pdf_; filename_=UTF-8''NEW-PATIENT-AUTO-ACCIDENT.pdf]
[www.sccolorado.com/new-patient-forms.html]
[www.sccolorado.com/37bd0eeb.min.35.delayed]
[static.wixstatic.com/media/712b15dd8650491ca16d85d6a145fd64.jpg/v1/fill/w_156,h_103,al_c,q_80,usm_0.66_1.00_0.01,blur_2,enc_auto/Patient on Scale.jpg]
[www.sccolorado.com/weight-loss.html]
[www.sccolorado.com/47b73115.min.37.delayed]
[www.sccolorado.com/1a3ca2ee.min.38.delayed]
[www.sccolorado.com/16e44c05.min.39.delayed]
[www.sccolorado.com/6ac53ab7.min.3a.delayed]
[www.sccolorado.com/02595569.min.3b.delayed]
[www.sccolorado.com/e5861f41.min.3c.delayed]
[www.sccolorado.com/c53e42d7.min.3d.delayed]
[www.sccolorado.com/da6c52cb.min.3e.delayed]
[www.sccolorado.com/3d2759f7.min.3f.delayed]
[www.sccolorado.com/960c3a88.min.40.delayed]
[www.sccolorado.com/390543ac.min.41.delayed]
[www.sccolorado.com/ad7057f7.min.42.delayed]
[www.sccolorado.com/7d94280d.min.43.delayed]
[www.sccolorado.com/f36661fb.min.44.delayed]
[www.sccolorado.com/aa613bd1.min.45.delayed]
[www.sccolorado.com/22ef40bf.min.46.delayed]
[www.sccolorado.com/6daaad8b.min.47.delayed]
[www.sccolorado.com/bf91693c.min.48.delayed]
[www.sccolorado.com/b4ae8803.min.49.delayed]
[www.sccolorado.com/62ccedec.min.4a.delayed]
[www.sccolorado.com/ae08c227.min.4b.delayed]
[www.sccolorado.com/11f27093.min.4c.delayed]
[www.sccolorado.com/9b155e90.min.4d.delayed]
[www.sccolorado.com/4ec2545d.min.4e.delayed]
[www.sccolorado.com/1bbe301d.min.4f.delayed]
[www.sccolorado.com/e78a13b3.min.50.delayed]
[www.sccolorado.com/48c6d58d.min.51.delayed]
[www.sccolorado.com/439c90c8.min.52.delayed]
[www.sccolorado.com/cd69f57c.min.53.delayed]
[www.sccolorado.com/bc223d50.min.54.delayed]
[www.sccolorado.com/bc2466c0.min.55.delayed]
[www.sccolorado.com/5d7b6bbf.min.56.delayed]
[www.sccolorado.com/3fdab364.min.57.delayed]
[www.sccolorado.com/20d93486.min.58.delayed]
[www.sccolorado.com/9692b4a8.min.59.delayed]
[www.sccolorado.com/914012ea.min.5a.delayed]
[www.sccolorado.com/ffa0eb8f.min.5b.delayed]
[www.sccolorado.com/fe8be6d6.min.5c.delayed]
[www.sccolorado.com/a28cca36.min.5d.delayed]
[www.sccolorado.com/265e9a4a.min.5e.delayed]
[www.sccolorado.com/ff342417.min.5f.delayed]
[www.sccolorado.com/2a1582d7.min.60.delayed]
[www.sccolorado.com/eb321d93.min.61.delayed]
[www.sccolorado.com/06cfef68.min.62.delayed]
[www.sccolorado.com/49a18e23.min.63.delayed]
[www.sccolorado.com/2467b183.min.64.delayed]
[www.sccolorado.com/f9fd7cbe.min.65.delayed]
[www.sccolorado.com/e142d0f4.min.66.delayed]
[www.sccolorado.com/96a73741.min.67.delayed]
[www.sccolorado.com/4c758e80.min.68.delayed]
[www.sccolorado.com/44b62fdc.min.69.delayed]
[www.sccolorado.com/7f8c7c3e.min.6a.delayed]
[www.sccolorado.com/fbbc0ea4.min.6b.delayed]
[www.sccolorado.com/5d29307d.min.6c.delayed]
[www.sccolorado.com/85af43ab.min.6d.delayed]
[www.sccolorado.com/7010eb60.min.6e.delayed]
[www.sccolorado.com/63767dfb.min.6f.delayed]
[www.sccolorado.com/6ea7cb26.min.70.delayed]
[www.sccolorado.com/5af11dd2.min.71.delayed]
[www.sccolorado.com/2a453020.min.72.delayed]
[www.sccolorado.com/f4335005.min.73.delayed]
[www.sccolorado.com/566bec70.min.74.delayed]
[www.sccolorado.com/fc40122e.min.75.delayed]
[www.sccolorado.com/45242c23.min.76.delayed]
[www.sccolorado.com/0efca64c.min.77.delayed]
[www.sccolorado.com/42ccdc69.min.78.delayed]
[www.sccolorado.com/4ea3b970.min.79.delayed]
[www.sccolorado.com/0ee85551.min.7a.delayed]
[www.sccolorado.com/085f85ee.min.7b.delayed]
[www.sccolorado.com/fc21aae5.min.7c.delayed]
[www.sccolorado.com/641eb53d.min.7d.delayed]
[www.sccolorado.com/cabcae51.min.7e.delayed]
[www.sccolorado.com/b66c178d.min.7f.delayed]
[www.sccolorado.com/c7fdedca.min.80.delayed]
[www.sccolorado.com/ce9dcea4.min.81.delayed]
[www.sccolorado.com/bc497b45.min.82.delayed]
[www.sccolorado.com/2acb415c.min.83.delayed]
[www.sccolorado.com/7d6cd51b.min.84.delayed]
[www.sccolorado.com/16e57088.min.85.delayed]
[www.sccolorado.com/0a1c073a.min.86.delayed]
[www.sccolorado.com/1ac8fc0f.min.87.delayed]
[www.sccolorado.com/e5d84163.min.88.delayed]
[www.sccolorado.com/d5f023bb.min.89.delayed]
[www.sccolorado.com/d820de38.min.8a.delayed]
[www.sccolorado.com/012dc85e.min.8b.delayed]
[www.sccolorado.com/9d29a199.min.8c.delayed]
[www.sccolorado.com/381ee71b.min.8d.delayed]
[www.sccolorado.com/bf413556.min.8e.delayed]
[www.sccolorado.com/316080a6.min.8f.delayed]
[www.sccolorado.com/51a9742f.min.90.delayed]
[www.sccolorado.com/bf732f1f.min.91.delayed]
[www.sccolorado.com/99f4b3eb.min.92.delayed]
[www.sccolorado.com/a545d558.min.93.delayed]
[www.sccolorado.com/176e7b44.min.94.delayed]
[www.sccolorado.com/5346ce3f.min.95.delayed]
[www.sccolorado.com/f658a9c4.min.96.delayed]
[www.sccolorado.com/33aee7c8.min.97.delayed]
[www.sccolorado.com/e3a3f4c5.min.98.delayed]
[www.sccolorado.com/69bf75cd.min.99.delayed]
[www.sccolorado.com/ffcbad4e.min.9a.delayed]
[www.sccolorado.com/38076880.min.9b.delayed]
[www.sccolorado.com/e7f37adf.min.9c.delayed]
[www.sccolorado.com/6cf72bb0.min.9d.delayed]
[www.sccolorado.com/6b319425.min.9e.delayed]
[www.sccolorado.com/fd963395.min.9f.delayed]
[www.sccolorado.com/23fa9840.min.a0.delayed]
[www.sccolorado.com/d11ebffe.min.a1.delayed]
[www.sccolorado.com/91ffcb26.min.a2.delayed]
[www.sccolorado.com/72671acb.min.a3.delayed]
[www.sccolorado.com/18f3b6df.min.a4.delayed]
[www.sccolorado.com/7c602eb2.min.a5.delayed]
[www.sccolorado.com/6b4c7217.min.a6.delayed]
[www.sccolorado.com/5b26625f.min.a7.delayed]
[www.sccolorado.com/2e327647.min.a8.delayed]
[www.sccolorado.com/4a6a7fc9.min.a9.delayed]
[www.sccolorado.com/f7b42816.min.aa.delayed]
[www.sccolorado.com/fbce49db.min.ab.delayed]
[www.sccolorado.com/a3e88b58.min.ac.delayed]
[www.sccolorado.com/ea8a0593.min.ad.delayed]
[www.sccolorado.com/b8760986.min.ae.delayed]
[www.sccolorado.com/8d04f72e.min.af.delayed]
[www.sccolorado.com/84c587cd.min.b0.delayed]
[www.sccolorado.com/ba7d2620.min.b1.delayed]
[www.sccolorado.com/41f1fa78.min.b2.delayed]
[www.sccolorado.com/3e581339.min.b3.delayed]
[www.sccolorado.com/a2f0f523.min.b4.delayed]
[www.sccolorado.com/86aca973.min.b5.delayed]
[www.sccolorado.com/7727d1e8.min.b6.delayed]
[www.sccolorado.com/8005d5c1.min.b7.delayed]
[www.sccolorado.com/0e20a470.min.b8.delayed]
[www.sccolorado.com/c9b5bd15.min.b9.delayed]
[www.sccolorado.com/8c688a9d.min.ba.delayed]
[www.sccolorado.com/6b1e299b.min.bb.delayed]
[www.sccolorado.com/11d68990.min.bc.delayed]
[www.sccolorado.com/3f166307.min.bd.delayed]
[www.sccolorado.com/1355ec40.min.be.delayed]
[www.sccolorado.com/48220e7a.min.bf.delayed]
[www.sccolorado.com/eca71e40.min.c0.delayed]
[www.sccolorado.com/024f5250.min.c1.delayed]
[www.sccolorado.com/54e8ad37.min.c2.delayed]
[www.sccolorado.com/c79634ce.min.c3.delayed]
[www.sccolorado.com/036d1c2c.min.c4.delayed]
[www.sccolorado.com/04c30725.min.c5.delayed]
[www.sccolorado.com/685dda1c.min.c6.delayed]
[www.sccolorado.com/b43bc41a.min.c7.delayed]
[www.sccolorado.com/aff3efe3.min.c8.delayed]
[www.sccolorado.com/755d6e92.min.c9.delayed]
[www.sccolorado.com/44306cc3.min.ca.delayed]
[www.sccolorado.com/f08a1c03.min.cb.delayed]
[www.sccolorado.com/6818c64c.min.cc.delayed]
[www.sccolorado.com/4fa4a352.min.cd.delayed]
[www.sccolorado.com/97d7cd97.min.ce.delayed]
[www.sccolorado.com/a1e76019.min.cf.delayed]
[www.sccolorado.com/b4bc6361.min.d0.delayed]
[www.sccolorado.com/9eed3e82.min.d1.delayed]
[www.sccolorado.com/ce776e38.min.d2.delayed]
[www.sccolorado.com/4a43b954.min.d3.delayed]
[www.sccolorado.com/799d016a.min.d4.delayed]
[www.sccolorado.com/c434348a.min.d5.delayed]
[www.sccolorado.com/4038e1e2.min.d6.delayed]
[www.sccolorado.com/c24f5e69.min.d7.delayed]
[www.sccolorado.com/8ab00128.min.d8.delayed]
[www.sccolorado.com/45eee88d.min.d9.delayed]
[www.sccolorado.com/7df86004.min.da.delayed]
[www.sccolorado.com/145b5660.min.db.delayed]
[www.sccolorado.com/3e624017.min.dc.delayed]
[www.sccolorado.com/eb810a4a.min.dd.delayed]
[www.sccolorado.com/81ed76c3.min.de.delayed]
[www.sccolorado.com/6877123d.min.df.delayed]
[www.sccolorado.com/d1f9c7e6.min.e0.delayed]
[www.sccolorado.com/34377b4a.min.e1.delayed]
[www.sccolorado.com/b1d3a799.min.e2.delayed]
[www.sccolorado.com/b0da3a19.min.e3.delayed]
[www.sccolorado.com/70e8afa8.min.e4.delayed]
[www.sccolorado.com/9c39b1d1.min.e5.delayed]
[www.sccolorado.com/59f9faa0.min.e6.delayed]
[www.sccolorado.com/b92ba9ff.min.e7.delayed]
[www.sccolorado.com/e2bacb3f.min.e8.delayed]
[www.sccolorado.com/96afd53f.min.e9.delayed]
[www.sccolorado.com/91e61dab.min.ea.delayed]
[www.sccolorado.com/41f245d4.min.eb.delayed]
[www.sccolorado.com/bb16d569.min.ec.delayed]
[www.sccolorado.com/e24e08e7.min.ed.delayed]
[www.sccolorado.com/9e775b26.min.ee.delayed]
[www.sccolorado.com/515d5f12.min.ef.delayed]
[www.sccolorado.com/13eb5276.min.f0.delayed]
[www.sccolorado.com/d474bb46.min.f1.delayed]
[www.sccolorado.com/2978359e.min.f2.delayed]
[www.sccolorado.com/4b1f6567.min.f3.delayed]
[www.sccolorado.com/4e6fba8d.min.f4.delayed]
[www.sccolorado.com/883064bf.min.f5.delayed]
[www.sccolorado.com/55fd4990.min.f6.delayed]
[www.sccolorado.com/882dfccd.min.f7.delayed]
[www.sccolorado.com/70efe3c5.min.f8.delayed]
[www.sccolorado.com/6d011635.min.f9.delayed]
[www.sccolorado.com/af38aead.min.fa.delayed]
[www.sccolorado.com/39cfb47d.min.fb.delayed]
[www.sccolorado.com/1a1f2ab9.min.fc.delayed]
[www.sccolorado.com/5ed4e092.min.fd.delayed]
[www.sccolorado.com/75512b1a.min.fe.delayed]
[www.sccolorado.com/2a38244f.min.ff.delayed]
[www.sccolorado.com/837e8139.min.100.delayed]
[www.sccolorado.com/f8ec65c6.min.101.delayed]
[www.sccolorado.com/913e0517.min.102.delayed]
[www.sccolorado.com/2ce475e3.min.103.delayed]
[www.sccolorado.com/96f4b814.min.104.delayed]
[www.sccolorado.com/efcd8729.min.105.delayed]
[www.sccolorado.com/0ebb4539.min.106.delayed]
[www.sccolorado.com/c9371416.min.107.delayed]
[www.sccolorado.com/84fca3f0.min.108.delayed]
[www.sccolorado.com/44b60e9d.min.109.delayed]
[www.sccolorado.com/48e483a5.min.10a.delayed]
[www.sccolorado.com/100a01ba.min.10b.delayed]
[www.sccolorado.com/dba31346.min.10c.delayed]
[www.sccolorado.com/5a61fee8.min.10d.delayed]
[www.sccolorado.com/6010b816.min.10e.delayed]
[www.sccolorado.com/99e9084d.min.10f.delayed]
[www.sccolorado.com/39cdb6e7.min.110.delayed]
[www.sccolorado.com/98f5e34d.min.111.delayed]
[www.sccolorado.com/4bd62377.min.112.delayed]
[www.sccolorado.com/f6b4449f.min.113.delayed]
[www.sccolorado.com/692d3cfd.min.114.delayed]
[www.sccolorado.com/dda10bbb.min.115.delayed]
[www.sccolorado.com/826aa068.min.116.delayed]
[www.sccolorado.com/71561e01.min.117.delayed]
[www.sccolorado.com/2aa93db9.min.118.delayed]
[www.sccolorado.com/3acc863e.min.119.delayed]
[www.sccolorado.com/3fc3aa14.min.11a.delayed]
[www.sccolorado.com/eed9660c.min.11b.delayed]
[www.sccolorado.com/e98ddd9c.min.11c.delayed]
[www.sccolorado.com/9f54505f.min.11d.delayed]
[www.sccolorado.com/82a3c6bd.min.11e.delayed]
[www.sccolorado.com/959e5e9e.min.11f.delayed]
[www.sccolorado.com/c6933345.min.120.delayed]
[www.sccolorado.com/7ac66a81.min.121.delayed]
[www.sccolorado.com/7f6e9aff.min.122.delayed]
[www.sccolorado.com/7197ceeb.min.123.delayed]
[www.sccolorado.com/4d761874.min.124.delayed]
[www.sccolorado.com/57ee110f.min.125.delayed]
[www.sccolorado.com/723e4fed.min.126.delayed]
[www.sccolorado.com/7d0d5475.min.127.delayed]
[www.sccolorado.com/d9e9ecf4.min.128.delayed]
[www.sccolorado.com/4d71157d.min.129.delayed]
[www.sccolorado.com/30611ad6.min.12a.delayed]
[www.sccolorado.com/3107aee2.min.12b.delayed]
[www.sccolorado.com/add763df.min.12c.delayed]
[www.sccolorado.com/20a005d9.min.12d.delayed]
[www.sccolorado.com/f12c724d.min.12e.delayed]
[www.sccolorado.com/b4927ff5.min.12f.delayed]
[www.sccolorado.com/339d9589.min.130.delayed]
[www.sccolorado.com/bae96bce.min.131.delayed]
[www.sccolorado.com/d88788f8.min.132.delayed]
[www.sccolorado.com/623c42ff.min.133.delayed]
[www.sccolorado.com/fdb4b4e1.min.134.delayed]
[www.sccolorado.com/d9261128.min.135.delayed]
[www.sccolorado.com/acc636be.min.136.delayed]
[www.sccolorado.com/0dbd2410.min.137.delayed]
[www.sccolorado.com/04e1c0d8.min.138.delayed]
[www.sccolorado.com/015a530e.min.139.delayed]
[www.sccolorado.com/63cc8be0.min.13a.delayed]
[www.sccolorado.com/731d5bce.min.13b.delayed]
[www.sccolorado.com/c61ac2b6.min.13c.delayed]
[www.sccolorado.com/c9d89f77.min.13d.delayed]
[www.sccolorado.com/77753e29.min.13e.delayed]
[www.sccolorado.com/2a3ba4df.min.13f.delayed]
[www.sccolorado.com/1150efce.min.140.delayed]
[www.sccolorado.com/dbfd66d7.min.141.delayed]
[www.sccolorado.com/e1813de1.min.142.delayed]
[www.sccolorado.com/5d684912.min.143.delayed]
[www.sccolorado.com/07d43a5b.min.144.delayed]
[www.sccolorado.com/74e60b57.min.145.delayed]
[www.sccolorado.com/71b202df.min.146.delayed]
[www.sccolorado.com/1e24bd4a.min.147.delayed]
[www.sccolorado.com/d078781b.min.148.delayed]
[www.sccolorado.com/9a8b46cf.min.149.delayed]
[www.sccolorado.com/f4071404.min.14a.delayed]
[www.sccolorado.com/a4efbb1a.min.14b.delayed]
[www.sccolorado.com/b69a6dca.min.14c.delayed]
[www.sccolorado.com/a8cea7d1.min.14d.delayed]
[www.sccolorado.com/0e2bff6a.min.14e.delayed]
[www.sccolorado.com/8a3174ea.min.14f.delayed]
[www.sccolorado.com/56b396e1.min.150.delayed]
[www.sccolorado.com/e31c9edb.min.151.delayed]
[www.sccolorado.com/270ecc94.min.152.delayed]
[www.sccolorado.com/aae8f9e8.min.153.delayed]
[www.sccolorado.com/148a549f.min.154.delayed]
[www.sccolorado.com/243dde79.min.155.delayed]
[www.sccolorado.com/4b77444e.min.156.delayed]
[www.sccolorado.com/debda15f.min.157.delayed]
[www.sccolorado.com/c8e351db.min.158.delayed]
[www.sccolorado.com/25adc72e.min.159.delayed]
[www.sccolorado.com/ad3c03fe.min.15a.delayed]
[www.sccolorado.com/696515ba.min.15b.delayed]
[www.sccolorado.com/1cb36513.chunk.min.15c.delayed]
[www.sccolorado.com/997ab64d.chunk.min.15d.delayed]
[www.sccolorado.com/rb_wixui.thunderbolt_common-site-members-dialogs.e6a271c3.chunk.min.15e.delayed]
[www.sccolorado.com/rb_wixui.thunderbolt_common-site-members-dialogs.997ab64d.chunk.min.15f.delayed]
[www.sccolorado.com/rb_wixui.corvid_core.6345c61c.chunk.min.160.delayed]
[www.sccolorado.com/rb_wixui.thunderbolt_mobile.eea54e4b.chunk.min.161.delayed]
[static.wixstatic.com/media/510b1feda95e487ab6b9476420f7f5b1.jpg/v1/fill/w_145,h_97,al_c,q_80,usm_0.66_1.00_0.01,blur_2,enc_auto/Chiropractor.jpg]
[static.wixstatic.com/media/17b1a1_bbd2096f15d649bc9320a88fbb685238_mv2.png/v1/fill/w_139,h_83,al_c,usm_0.66_1.00_0.01,blur_2,enc_auto/334e7cb1-98c7-4874-9a62-19ca5c3e70a2.png]
[www.sccolorado.com/chiropractic-adjustments.html]
[static.wixstatic.com/media/da2f8d_d15137c1a91b45558831766100ebf9b3_mv2.jpeg/v1/crop/x_142,y_0,w_557,h_560/fill/w_129,h_129,al_c,q_80,usm_0.66_1.00_0.01,blur_2,enc_auto/61716a06ea627.jpg]
[www.sccolorado.com/regenerative-therapy.html]
[static.wixstatic.com/media/17b1a1_f130425058694bea8d504e15a8d64280_mv2.jpeg/v1/fill/w_157,h_104,al_c,q_80,usm_0.66_1.00_0.01,blur_2,enc_auto/5fcaa6cb885c1.jpg]
[www.sccolorado.com/peripheral-neuropathy.html]
[static.wixstatic.com/media/0ec70773d1ca4891a636a4623e110cc9.jpg/v1/fill/w_139,h_93,al_c,q_80,usm_0.66_1.00_0.01,blur_2,enc_auto/Physical Therapy Session.jpg]
[static.wixstatic.com/media/da2f8d_19dbdf56d85e4bdeaf397bc835de106b_mv2.jpg/v1/crop/x_0,y_225,w_1072,h_728/fill/w_139,h_94,al_c,q_80,usm_0.66_1.00_0.01,blur_2,enc_auto/Physical-Rehab.jpg]
[www.sccolorado.com/physical-rehabilitation.html]
[static.wixstatic.com/media/510b1feda95e487ab6b9476420f7f5b1.jpg/v1/fill/w_180,h_120,al_c,q_80,usm_0.66_1.00_0.01,blur_2,enc_auto/Chiropractor.jpg]
[www.sccolorado.com/massage-therapy.html]
[www.sccolorado.com/ad3a6151.min.html]
[www.sccolorado.com/37bd0eeb.min.html]
[www.sccolorado.com/47b73115.min.html]
[www.sccolorado.com/1a3ca2ee.min.html]
[www.sccolorado.com/16e44c05.min.html]
[www.sccolorado.com/6ac53ab7.min.html]
[www.sccolorado.com/02595569.min.html]
[www.sccolorado.com/e5861f41.min.html]
[www.sccolorado.com/c53e42d7.min.html]
[www.sccolorado.com/da6c52cb.min.html]
[www.sccolorado.com/3d2759f7.min.html]
[www.sccolorado.com/960c3a88.min.html]
[www.sccolorado.com/390543ac.min.html]
[www.sccolorado.com/ad7057f7.min.html]
[www.sccolorado.com/7d94280d.min.html]
[www.sccolorado.com/f36661fb.min.html]
[www.sccolorado.com/aa613bd1.min.html]
[www.sccolorado.com/22ef40bf.min.html]
[www.sccolorado.com/6daaad8b.min.html]
[www.sccolorado.com/bf91693c.min.html]
[www.sccolorado.com/b4ae8803.min.html]
[www.sccolorado.com/62ccedec.min.html]
[www.sccolorado.com/ae08c227.min.html]
[www.sccolorado.com/11f27093.min.html]
[www.sccolorado.com/9b155e90.min.html]
[www.sccolorado.com/4ec2545d.min.html]
[www.sccolorado.com/1bbe301d.min.html]
[www.sccolorado.com/e78a13b3.min.html]
[www.sccolorado.com/48c6d58d.min.html]
[www.sccolorado.com/439c90c8.min.html]
[www.sccolorado.com/cd69f57c.min.html]
[www.sccolorado.com/bc223d50.min.html]
[www.sccolorado.com/bc2466c0.min.html]
[www.sccolorado.com/5d7b6bbf.min.html]
[www.sccolorado.com/3fdab364.min.html]
[www.sccolorado.com/20d93486.min.html]
[www.sccolorado.com/9692b4a8.min.html]
[www.sccolorado.com/914012ea.min.html]
[www.sccolorado.com/ffa0eb8f.min.html]
[www.sccolorado.com/fe8be6d6.min.html]
[www.sccolorado.com/a28cca36.min.html]
[www.sccolorado.com/265e9a4a.min.html]
[www.sccolorado.com/ff342417.min.html]
[www.sccolorado.com/2a1582d7.min.html]
[www.sccolorado.com/eb321d93.min.html]
[www.sccolorado.com/06cfef68.min.html]
[www.sccolorado.com/49a18e23.min.html]
[www.sccolorado.com/2467b183.min.html]
[www.sccolorado.com/f9fd7cbe.min.html]
[www.sccolorado.com/e142d0f4.min.html]
[www.sccolorado.com/96a73741.min.html]
[www.sccolorado.com/4c758e80.min.html]
[www.sccolorado.com/44b62fdc.min.html]
[www.sccolorado.com/7f8c7c3e.min.html]
[www.sccolorado.com/fbbc0ea4.min.html]
[www.sccolorado.com/5d29307d.min.html]
[www.sccolorado.com/85af43ab.min.html]
[www.sccolorado.com/7010eb60.min.html]
[www.sccolorado.com/63767dfb.min.html]
[www.sccolorado.com/6ea7cb26.min.html]
[www.sccolorado.com/5af11dd2.min.html]
[www.sccolorado.com/2a453020.min.html]
[www.sccolorado.com/f4335005.min.html]
[www.sccolorado.com/566bec70.min.html]
[www.sccolorado.com/fc40122e.min.html]
[www.sccolorado.com/45242c23.min.html]
[www.sccolorado.com/0efca64c.min.html]
[www.sccolorado.com/42ccdc69.min.html]
[www.sccolorado.com/4ea3b970.min.html]
[www.sccolorado.com/0ee85551.min.html]
[www.sccolorado.com/085f85ee.min.html]
[www.sccolorado.com/fc21aae5.min.html]
[www.sccolorado.com/641eb53d.min.html]
[www.sccolorado.com/cabcae51.min.html]
[www.sccolorado.com/b66c178d.min.html]
[www.sccolorado.com/c7fdedca.min.html]
[www.sccolorado.com/ce9dcea4.min.html]
[www.sccolorado.com/bc497b45.min.html]
[www.sccolorado.com/2acb415c.min.html]
[www.sccolorado.com/7d6cd51b.min.html]
[www.sccolorado.com/16e57088.min.html]
[www.sccolorado.com/0a1c073a.min.html]
[www.sccolorado.com/1ac8fc0f.min.html]
[www.sccolorado.com/e5d84163.min.html]
[www.sccolorado.com/d5f023bb.min.html]
[www.sccolorado.com/d820de38.min.html]
[www.sccolorado.com/012dc85e.min.html]
[www.sccolorado.com/9d29a199.min.html]
[www.sccolorado.com/381ee71b.min.html]
[www.sccolorado.com/bf413556.min.html]
[www.sccolorado.com/316080a6.min.html]
[www.sccolorado.com/51a9742f.min.html]
[www.sccolorado.com/bf732f1f.min.html]
[www.sccolorado.com/99f4b3eb.min.html]
[www.sccolorado.com/a545d558.min.html]
[www.sccolorado.com/176e7b44.min.html]
[www.sccolorado.com/5346ce3f.min.html]
[www.sccolorado.com/f658a9c4.min.html]
[www.sccolorado.com/33aee7c8.min.html]
[www.sccolorado.com/e3a3f4c5.min.html]
[www.sccolorado.com/69bf75cd.min.html]
[www.sccolorado.com/ffcbad4e.min.html]
[www.sccolorado.com/38076880.min.html]
[www.sccolorado.com/e7f37adf.min.html]
[www.sccolorado.com/6cf72bb0.min.html]
[www.sccolorado.com/6b319425.min.html]
[www.sccolorado.com/fd963395.min.html]
[www.sccolorado.com/23fa9840.min.html]
[www.sccolorado.com/d11ebffe.min.html]
[www.sccolorado.com/91ffcb26.min.html]
[www.sccolorado.com/72671acb.min.html]
[www.sccolorado.com/18f3b6df.min.html]
[www.sccolorado.com/7c602eb2.min.html]
[www.sccolorado.com/6b4c7217.min.html]
[www.sccolorado.com/5b26625f.min.html]
[www.sccolorado.com/2e327647.min.html]
[www.sccolorado.com/4a6a7fc9.min.html]
[www.sccolorado.com/f7b42816.min.html]
[www.sccolorado.com/fbce49db.min.html]
[www.sccolorado.com/a3e88b58.min.html]
[www.sccolorado.com/ea8a0593.min.html]
[www.sccolorado.com/b8760986.min.html]
[www.sccolorado.com/8d04f72e.min.html]
[www.sccolorado.com/84c587cd.min.html]
[www.sccolorado.com/ba7d2620.min.html]
[www.sccolorado.com/41f1fa78.min.html]
[www.sccolorado.com/3e581339.min.html]
[www.sccolorado.com/a2f0f523.min.html]
[www.sccolorado.com/86aca973.min.html]
[www.sccolorado.com/7727d1e8.min.html]
[www.sccolorado.com/8005d5c1.min.html]
[www.sccolorado.com/0e20a470.min.html]
[www.sccolorado.com/c9b5bd15.min.html]
[www.sccolorado.com/8c688a9d.min.html]
[www.sccolorado.com/6b1e299b.min.html]
[www.sccolorado.com/11d68990.min.html]
[www.sccolorado.com/3f166307.min.html]
[www.sccolorado.com/1355ec40.min.html]
[www.sccolorado.com/48220e7a.min.html]
[www.sccolorado.com/eca71e40.min.html]
[www.sccolorado.com/024f5250.min.html]
[www.sccolorado.com/54e8ad37.min.html]
[www.sccolorado.com/c79634ce.min.html]
[www.sccolorado.com/036d1c2c.min.html]
[www.sccolorado.com/04c30725.min.html]
[www.sccolorado.com/685dda1c.min.html]
[www.sccolorado.com/b43bc41a.min.html]
[www.sccolorado.com/aff3efe3.min.html]
[www.sccolorado.com/755d6e92.min.html]
[www.sccolorado.com/44306cc3.min.html]
[www.sccolorado.com/f08a1c03.min.html]
[www.sccolorado.com/6818c64c.min.html]
[www.sccolorado.com/4fa4a352.min.html]
[www.sccolorado.com/97d7cd97.min.html]
[www.sccolorado.com/a1e76019.min.html]
[www.sccolorado.com/b4bc6361.min.html]
[www.sccolorado.com/9eed3e82.min.html]
[www.sccolorado.com/ce776e38.min.html]
[www.sccolorado.com/4a43b954.min.html]
[www.sccolorado.com/799d016a.min.html]
[www.sccolorado.com/c434348a.min.html]
[www.sccolorado.com/4038e1e2.min.html]
[www.sccolorado.com/c24f5e69.min.html]
[www.sccolorado.com/8ab00128.min.html]
[www.sccolorado.com/45eee88d.min.html]
[www.sccolorado.com/7df86004.min.html]
[www.sccolorado.com/145b5660.min.html]
[www.sccolorado.com/3e624017.min.html]
[www.sccolorado.com/eb810a4a.min.html]
[www.sccolorado.com/81ed76c3.min.html]
[www.sccolorado.com/6877123d.min.html]
[www.sccolorado.com/d1f9c7e6.min.html]
[www.sccolorado.com/34377b4a.min.html]
[www.sccolorado.com/b1d3a799.min.html]
[www.sccolorado.com/b0da3a19.min.html]
[www.sccolorado.com/70e8afa8.min.html]
[www.sccolorado.com/9c39b1d1.min.html]
[www.sccolorado.com/59f9faa0.min.html]
[www.sccolorado.com/b92ba9ff.min.html]
[www.sccolorado.com/e2bacb3f.min.html]
[www.sccolorado.com/96afd53f.min.html]
[www.sccolorado.com/91e61dab.min.html]
[www.sccolorado.com/41f245d4.min.html]
[www.sccolorado.com/bb16d569.min.html]
[www.sccolorado.com/e24e08e7.min.html]
[www.sccolorado.com/9e775b26.min.html]
[www.sccolorado.com/515d5f12.min.html]
[www.sccolorado.com/13eb5276.min.html]
[www.sccolorado.com/d474bb46.min.html]
[www.sccolorado.com/2978359e.min.html]
[www.sccolorado.com/4b1f6567.min.html]
[www.sccolorado.com/4e6fba8d.min.html]
[www.sccolorado.com/883064bf.min.html]
[www.sccolorado.com/55fd4990.min.html]
[www.sccolorado.com/882dfccd.min.html]
[www.sccolorado.com/70efe3c5.min.html]
[www.sccolorado.com/6d011635.min.html]
[www.sccolorado.com/af38aead.min.html]
[www.sccolorado.com/39cfb47d.min.html]
[www.sccolorado.com/1a1f2ab9.min.html]
[www.sccolorado.com/5ed4e092.min.html]
[www.sccolorado.com/75512b1a.min.html]
[www.sccolorado.com/2a38244f.min.html]
[www.sccolorado.com/837e8139.min.html]
[www.sccolorado.com/f8ec65c6.min.html]
[www.sccolorado.com/913e0517.min.html]
[www.sccolorado.com/2ce475e3.min.html]
[www.sccolorado.com/96f4b814.min.html]
[www.sccolorado.com/efcd8729.min.html]
[www.sccolorado.com/0ebb4539.min.html]
[www.sccolorado.com/c9371416.min.html]
[www.sccolorado.com/84fca3f0.min.html]
[www.sccolorado.com/44b60e9d.min.html]
[www.sccolorado.com/48e483a5.min.html]
[www.sccolorado.com/100a01ba.min.html]
[www.sccolorado.com/dba31346.min.html]
[www.sccolorado.com/5a61fee8.min.html]
[www.sccolorado.com/6010b816.min.html]
[www.sccolorado.com/99e9084d.min.html]
[www.sccolorado.com/39cdb6e7.min.html]
[www.sccolorado.com/98f5e34d.min.html]
[www.sccolorado.com/4bd62377.min.html]
[www.sccolorado.com/f6b4449f.min.html]
[www.sccolorado.com/692d3cfd.min.html]
[www.sccolorado.com/dda10bbb.min.html]
[www.sccolorado.com/826aa068.min.html]
[www.sccolorado.com/71561e01.min.html]
[www.sccolorado.com/2aa93db9.min.html]
[www.sccolorado.com/3acc863e.min.html]
[www.sccolorado.com/3fc3aa14.min.html]
[www.sccolorado.com/eed9660c.min.html]
[www.sccolorado.com/e98ddd9c.min.html]
[www.sccolorado.com/9f54505f.min.html]
[www.sccolorado.com/82a3c6bd.min.html]
[www.sccolorado.com/959e5e9e.min.html]
[www.sccolorado.com/c6933345.min.html]
[www.sccolorado.com/7ac66a81.min.html]
[www.sccolorado.com/7f6e9aff.min.html]
[www.sccolorado.com/7197ceeb.min.html]
[www.sccolorado.com/4d761874.min.html]
[www.sccolorado.com/57ee110f.min.html]
[www.sccolorado.com/723e4fed.min.html]
[www.sccolorado.com/7d0d5475.min.html]
[www.sccolorado.com/d9e9ecf4.min.html]
[www.sccolorado.com/4d71157d.min.html]
[www.sccolorado.com/30611ad6.min.html]
[www.sccolorado.com/3107aee2.min.html]
[www.sccolorado.com/add763df.min.html]
[www.sccolorado.com/20a005d9.min.html]
[www.sccolorado.com/f12c724d.min.html]
[www.sccolorado.com/b4927ff5.min.html]
[www.sccolorado.com/339d9589.min.html]
[www.sccolorado.com/bae96bce.min.html]
[www.sccolorado.com/d88788f8.min.html]
[www.sccolorado.com/623c42ff.min.html]
[www.sccolorado.com/fdb4b4e1.min.html]
[www.sccolorado.com/d9261128.min.html]
[www.sccolorado.com/acc636be.min.html]
[www.sccolorado.com/0dbd2410.min.html]
[www.sccolorado.com/04e1c0d8.min.html]
[www.sccolorado.com/015a530e.min.html]
[www.sccolorado.com/63cc8be0.min.html]
[www.sccolorado.com/731d5bce.min.html]
[www.sccolorado.com/c61ac2b6.min.html]
[www.sccolorado.com/c9d89f77.min.html]
[www.sccolorado.com/77753e29.min.html]
[www.sccolorado.com/2a3ba4df.min.html]
[www.sccolorado.com/1150efce.min.html]
[www.sccolorado.com/dbfd66d7.min.html]
[www.sccolorado.com/e1813de1.min.html]
[www.sccolorado.com/5d684912.min.html]
[www.sccolorado.com/07d43a5b.min.html]
[www.sccolorado.com/74e60b57.min.html]
[www.sccolorado.com/71b202df.min.html]
[www.sccolorado.com/1e24bd4a.min.html]
[www.sccolorado.com/d078781b.min.html]
[www.sccolorado.com/9a8b46cf.min.html]
[www.sccolorado.com/f4071404.min.html]
[www.sccolorado.com/a4efbb1a.min.html]
[www.sccolorado.com/b69a6dca.min.html]
[www.sccolorado.com/a8cea7d1.min.html]
[www.sccolorado.com/0e2bff6a.min.html]
[www.sccolorado.com/8a3174ea.min.html]
[www.sccolorado.com/56b396e1.min.html]
[www.sccolorado.com/e31c9edb.min.html]
[www.sccolorado.com/270ecc94.min.html]
[www.sccolorado.com/aae8f9e8.min.html]
[www.sccolorado.com/148a549f.min.html]
[www.sccolorado.com/243dde79.min.html]
[www.sccolorado.com/4b77444e.min.html]
[www.sccolorado.com/debda15f.min.html]
[www.sccolorado.com/c8e351db.min.html]
[www.sccolorado.com/25adc72e.min.html]
[www.sccolorado.com/ad3c03fe.min.html]
[www.sccolorado.com/696515ba.min.html]
[www.sccolorado.com/1cb36513.chunk.min.html]
[www.sccolorado.com/997ab64d.chunk.min.html]
[www.sccolorado.com/rb_wixui.thunderbolt_common-site-members-dialogs.e6a271c3.chunk.min.html]
[www.sccolorado.com/rb_wixui.thunderbolt_common-site-members-dialogs.997ab64d.chunk.min.html]
[www.sccolorado.com/rb_wixui.corvid_core.6345c61c.chunk.min.html]
[www.sccolorado.com/rb_wixui.thunderbolt_mobile.eea54e4b.chunk.min.html]
